@jp
config t
no logging console 
no ip domain-lookup
ip route 0.0.0.0 0.0.0.0 200.0.0.20
int gi 1
ip add 200.0.0.10 255.255.255.0
no shut
int gi 3
ip add 10.10.10.1 255.255.255.0
no shut


@ph
config t
no logging console 
no ip domain-lookup
ip route 0.0.0.0 0.0.0.0 200.0.0.10
int gi 1
ip add 200.0.0.20 255.255.255.0
no shut
int gi 3
ip add 10.20.20.1 255.255.255.0
no shut




@@@@@@@@@@@@@@@@@@@@






Microsoft Windows [Version 10.0.20348.1726]
(c) Microsoft Corporation. All rights reserved.

C:\Users\Administrator>ping www.admu.edu.ph

Pinging www.admu.edu.ph [202.125.102.21] with 32 bytes of data:
Request timed out.
Request timed out.
Request timed out.

Ping statistics for 202.125.102.21:
    Packets: Sent = 3, Received = 0, Lost = 3 (100% loss),
Control-C
^C
C:\Users\Administrator>nmap -sP 202.125.102.21
Starting Nmap 7.94 ( https://nmap.org ) at 2023-09-07 12:10 China Standard Time
^C
C:\Users\Administrator>nmap -sP 202.125.102.0\24
Starting Nmap 7.94 ( https://nmap.org ) at 2023-09-07 12:10 China Standard Time
Failed to resolve "202.125.102.0\24".
WARNING: No targets were specified, so 0 hosts scanned.
Nmap done: 0 IP addresses (0 hosts up) scanned in 0.01 seconds

C:\Users\Administrator>nmap -sP 202.125.102.0/24
Starting Nmap 7.94 ( https://nmap.org ) at 2023-09-07 12:12 China Standard Time
Nmap scan report for dns.ateneo.net (202.125.102.1)
Host is up (0.0060s latency).
Nmap scan report for pata.ateneo.net (202.125.102.2)
Host is up (0.0080s latency).
Nmap scan report for 202.125.102.3
Host is up (0.0050s latency).
Nmap scan report for mail.ateneo.edu (202.125.102.10)
Host is up (0.040s latency).
Nmap scan report for cng.ateneo.net (202.125.102.17)
Host is up (0.014s latency).
Nmap scan report for styx.ateneo.net (202.125.102.20)
Host is up (0.031s latency).
Nmap scan report for ateneo.net (202.125.102.21)
Host is up (0.030s latency).
Nmap scan report for roster.ateneo.edu (202.125.102.23)
Host is up (0.0060s latency).
Nmap scan report for proxy.admu.edu.ph (202.125.102.26)
Host is up (0.026s latency).
Nmap scan report for proxy2.admu.edu.ph (202.125.102.28)
Host is up (0.0050s latency).
Nmap scan report for 202.125.102.49
Host is up (0.048s latency).
Nmap scan report for 202.125.102.117
Host is up (0.017s latency).
Nmap scan report for 202.125.102.122
Host is up (0.028s latency).
Nmap scan report for 202.125.102.123
Host is up (0.084s latency).
Nmap scan report for 202.125.102.124
Host is up (0.026s latency).
Nmap scan report for 202.125.102.126
Host is up (0.0090s latency).
Nmap scan report for penoy.admu.edu.ph (202.125.102.129)
Host is up (0.022s latency).
Nmap scan report for balut.admu.edu.ph (202.125.102.130)
Host is up (0.0070s latency).
Nmap scan report for curry.ateneo.net (202.125.102.131)
Host is up (0.0060s latency).
Nmap scan report for epay.ateneo.edu (202.125.102.136)
Host is up (0.0050s latency).
Nmap scan report for 202.125.102.139
Host is up (0.0030s latency).
Nmap scan report for 202.125.102.140
Host is up (0.0030s latency).
Nmap scan report for 202.125.102.142
Host is up (0.027s latency).
Nmap scan report for 202.125.102.146
Host is up (0.025s latency).
Nmap scan report for 202.125.102.148
Host is up (0.0030s latency).
Nmap scan report for stgaisisv21.ateneo.edu (202.125.102.181)
Host is up (0.0030s latency).
Nmap scan report for heineken.ateneo.edu (202.125.102.184)
Host is up (0.0040s latency).
Nmap scan report for acet.ateneo.edu (202.125.102.186)
Host is up (0.0030s latency).
Nmap scan report for virtualcampus.ateneo.edu (202.125.102.187)
Host is up (0.0090s latency).
Nmap scan report for placement.ateneo.edu (202.125.102.190)
Host is up (0.0060s latency).
Nmap scan report for 202.125.102.191
Host is up (0.019s latency).
Nmap scan report for 202.125.102.194
Host is up (0.016s latency).
Nmap scan report for 202.125.102.208
Host is up (0.011s latency).
Nmap scan report for memoryproject.emc.hs.admu.edu.ph (202.125.102.209)
Host is up (0.010s latency).
Nmap scan report for gradeschool.ateneo.edu (202.125.102.210)
Host is up (0.0040s latency).
Nmap scan report for lstlibrary.admu.edu.ph (202.125.102.212)
Host is up (0.0090s latency).
Nmap scan report for rizal.library.ateneo.edu (202.125.102.213)
Host is up (0.0030s latency).
Nmap scan report for rizal.lib.admu.edu.ph (202.125.102.218)
Host is up (0.0050s latency).
Nmap scan report for rizalls.lib.admu.edu.ph (202.125.102.219)
Host is up (0.0040s latency).
Nmap scan report for rizal2.lib.admu.edu.ph (202.125.102.220)
Host is up (0.10s latency).
Nmap scan report for journals.ateneo.edu (202.125.102.221)
Host is up (0.0060s latency).
Nmap scan report for epics.ateneo.edu (202.125.102.222)
Host is up (0.012s latency).
Nmap scan report for 202.125.102.224
Host is up (0.0030s latency).
Nmap scan report for 202.125.102.227
Host is up (0.0080s latency).
Nmap scan report for admupayroll.ateneo.net (202.125.102.229)
Host is up (0.028s latency).
Nmap scan report for univarchives.admu.edu.ph (202.125.102.230)
Host is up (0.028s latency).
Nmap scan report for scinda.observatory.ph (202.125.102.242)
Host is up (0.022s latency).
Nmap scan report for panahon.observatory.ph (202.125.102.244)
Host is up (0.021s latency).
Nmap done: 256 IP addresses (48 hosts up) scanned in 22.04 seconds

C:\Users\Administrator>ping www.eac.edu.ph

Pinging www.eac.edu.ph [203.177.47.197] with 32 bytes of data:
Reply from 203.177.47.197: bytes=32 time=6ms TTL=116
Reply from 203.177.47.197: bytes=32 time=15ms TTL=116
Reply from 203.177.47.197: bytes=32 time=9ms TTL=116
Reply from 203.177.47.197: bytes=32 time=14ms TTL=116

Ping statistics for 203.177.47.197:
    Packets: Sent = 4, Received = 4, Lost = 0 (0% loss),
Approximate round trip times in milli-seconds:
    Minimum = 6ms, Maximum = 15ms, Average = 11ms

C:\Users\Administrator>

C:\Users\Administrator>

C:\Users\Administrator>

C:\Users\Administrator>


@@@@@@@@@@@@@@@@@@@@@@@@@@@@@@@@@@@@@@@@@@@@@@@@@@@@@@@@@@@@@@@@@@@@







Microsoft Windows [Version 10.0.20348.1726]
(c) Microsoft Corporation. All rights reserved.

C:\Users\Administrator>netstat -s -p tcp

TCP Statistics for IPv4

  Active Opens                        = 800
  Passive Opens                       = 63
  Failed Connection Attempts          = 135
  Reset Connections                   = 176
  Current Connections                 = 25
  Segments Received                   = 42742
  Segments Sent                       = 37641
  Segments Retransmitted              = 2533

Active Connections

  Proto  Local Address          Foreign Address        State
  TCP    10.61.1.10:1033        10.61.100.4:telnet     ESTABLISHED
  TCP    10.61.1.10:28825       ed:telnet              ESTABLISHED
  TCP    10.61.1.10:28879       sw:telnet              ESTABLISHED
  TCP    10.176.35.233:28856    55:https               ESTABLISHED
  TCP    10.176.35.233:28877    140.82.114.25:https    ESTABLISHED
  TCP    10.176.35.233:28881    server-18-65-3-31:https  ESTABLISHED
  TCP    10.176.35.233:28885    server-18-172-21-20:https  ESTABLISHED
  TCP    10.176.35.233:28886    server-18-172-21-20:https  ESTABLISHED
  TCP    10.176.35.233:28891    20.150.165.192:8883    ESTABLISHED
  TCP    127.0.0.1:1025         WIN-PVPPRDV3V6M:1026   ESTABLISHED
  TCP    127.0.0.1:1026         WIN-PVPPRDV3V6M:1025   ESTABLISHED
  TCP    127.0.0.1:1027         WIN-PVPPRDV3V6M:1028   ESTABLISHED
  TCP    127.0.0.1:1028         WIN-PVPPRDV3V6M:1027   ESTABLISHED
  TCP    127.0.0.1:1343         WIN-PVPPRDV3V6M:1344   ESTABLISHED
  TCP    127.0.0.1:1344         WIN-PVPPRDV3V6M:1343   ESTABLISHED
  TCP    127.0.0.1:1361         WIN-PVPPRDV3V6M:1362   ESTABLISHED
  TCP    127.0.0.1:1362         WIN-PVPPRDV3V6M:1361   ESTABLISHED
  TCP    127.0.0.1:32385        WIN-PVPPRDV3V6M:32386  ESTABLISHED
  TCP    127.0.0.1:32386        WIN-PVPPRDV3V6M:32385  ESTABLISHED
  TCP    127.0.0.1:32602        WIN-PVPPRDV3V6M:32603  ESTABLISHED
  TCP    127.0.0.1:32603        WIN-PVPPRDV3V6M:32602  ESTABLISHED
  TCP    127.0.0.1:49673        WIN-PVPPRDV3V6M:49674  ESTABLISHED
  TCP    127.0.0.1:49674        WIN-PVPPRDV3V6M:49673  ESTABLISHED
  TCP    127.0.0.1:49675        WIN-PVPPRDV3V6M:62522  ESTABLISHED
  TCP    127.0.0.1:62522        WIN-PVPPRDV3V6M:49675  ESTABLISHED

C:\Users\Administrator>
C:\Users\Administrator>ping 10.71.1.4

Pinging 10.71.1.4 with 32 bytes of data:
Reply from 10.71.1.4: bytes=32 time=3ms TTL=252
Reply from 10.71.1.4: bytes=32 time=2ms TTL=252
Reply from 10.71.1.4: bytes=32 time=2ms TTL=252
Reply from 10.71.1.4: bytes=32 time=4ms TTL=252

Ping statistics for 10.71.1.4:
    Packets: Sent = 4, Received = 4, Lost = 0 (0% loss),
Approximate round trip times in milli-seconds:
    Minimum = 2ms, Maximum = 4ms, Average = 2ms

C:\Users\Administrator>nmap -v 10.71.1.4
Starting Nmap 7.94 ( https://nmap.org ) at 2023-09-07 11:55 China Standard Time
Initiating Ping Scan at 11:55
Scanning 10.71.1.4 [4 ports]
Completed Ping Scan at 11:55, 0.01s elapsed (1 total hosts)
Initiating Parallel DNS resolution of 1 host. at 11:55
Stats: 0:00:05 elapsed; 0 hosts completed (0 up), 1 undergoing Ping Scan
Parallel DNS resolution of 1 host. Timing: About 0.00% done
Stats: 0:00:11 elapsed; 0 hosts completed (0 up), 1 undergoing Ping Scan
Parallel DNS resolution of 1 host. Timing: About 0.00% done
^C
C:\Users\Administrator>nmap -v 10.71.1.10
Starting Nmap 7.94 ( https://nmap.org ) at 2023-09-07 11:55 China Standard Time
Initiating Ping Scan at 11:55
Scanning 10.71.1.10 [4 ports]
Completed Ping Scan at 11:55, 0.03s elapsed (1 total hosts)
Initiating Parallel DNS resolution of 1 host. at 11:55
Completed Parallel DNS resolution of 1 host. at 11:55, 0.01s elapsed
Initiating SYN Stealth Scan at 11:55
Scanning 10.71.1.10 [1000 ports]
Discovered open port 53/tcp on 10.71.1.10
Discovered open port 143/tcp on 10.71.1.10
Discovered open port 135/tcp on 10.71.1.10
Discovered open port 25/tcp on 10.71.1.10
Discovered open port 445/tcp on 10.71.1.10
Discovered open port 80/tcp on 10.71.1.10
Discovered open port 139/tcp on 10.71.1.10
Discovered open port 110/tcp on 10.71.1.10
Discovered open port 587/tcp on 10.71.1.10
Discovered open port 21/tcp on 10.71.1.10
Discovered open port 912/tcp on 10.71.1.10
Discovered open port 902/tcp on 10.71.1.10
Discovered open port 5357/tcp on 10.71.1.10
Completed SYN Stealth Scan at 11:55, 0.35s elapsed (1000 total ports)
Nmap scan report for 10.71.1.10
Host is up (0.00086s latency).
Not shown: 987 closed tcp ports (reset)
PORT     STATE SERVICE
21/tcp   open  ftp
25/tcp   open  smtp
53/tcp   open  domain
80/tcp   open  http
110/tcp  open  pop3
135/tcp  open  msrpc
139/tcp  open  netbios-ssn
143/tcp  open  imap
445/tcp  open  microsoft-ds
587/tcp  open  submission
902/tcp  open  iss-realsecure
912/tcp  open  apex-mesh
5357/tcp open  wsdapi

Read data files from: C:\Program Files (x86)\Nmap
Nmap done: 1 IP address (1 host up) scanned in 0.68 seconds
           Raw packets sent: 1004 (44.152KB) | Rcvd: 1001 (40.080KB)

C:\Users\Administrator>net use \\10.71.1.10\ipc$
The command completed successfully.


C:\Users\Administrator>net use p: \\10.71.1.10\c$
The command completed successfully.


C:\Users\Administrator>p:

P:\>mkdir PUMASOKSINELSAYO

P:\>netstat -s -p tcp

TCP Statistics for IPv4

  Active Opens                        = 809
  Passive Opens                       = 77
  Failed Connection Attempts          = 148
  Reset Connections                   = 182
  Current Connections                 = 27
  Segments Received                   = 45161
  Segments Sent                       = 39035
  Segments Retransmitted              = 2553

Active Connections

  Proto  Local Address          Foreign Address        State
  TCP    10.61.1.10:445         WIN-OPJFFFFCMQ4:3520   ESTABLISHED
  TCP    10.61.1.10:1033        10.61.100.4:telnet     ESTABLISHED
  TCP    10.61.1.10:28825       ed:telnet              ESTABLISHED
  TCP    10.61.1.10:28879       sw:telnet              ESTABLISHED
  TCP    10.61.1.10:28899       WIN-N9LP77V65L1:microsoft-ds  ESTABLISHED
  TCP    10.176.35.233:28885    server-18-172-21-20:https  ESTABLISHED
  TCP    10.176.35.233:28886    server-18-172-21-20:https  ESTABLISHED
  TCP    10.176.35.233:28893    55:https               ESTABLISHED
  TCP    10.176.35.233:28897    20.205.243.166:https   ESTABLISHED
  TCP    10.176.35.233:28898    lb-140-82-113-25-iad:https  ESTABLISHED
  TCP    10.176.35.233:28900    20.150.165.192:8883    ESTABLISHED
  TCP    127.0.0.1:1025         WIN-PVPPRDV3V6M:1026   ESTABLISHED
  TCP    127.0.0.1:1026         WIN-PVPPRDV3V6M:1025   ESTABLISHED
  TCP    127.0.0.1:1027         WIN-PVPPRDV3V6M:1028   ESTABLISHED
  TCP    127.0.0.1:1028         WIN-PVPPRDV3V6M:1027   ESTABLISHED
  TCP    127.0.0.1:1343         WIN-PVPPRDV3V6M:1344   ESTABLISHED
  TCP    127.0.0.1:1344         WIN-PVPPRDV3V6M:1343   ESTABLISHED
  TCP    127.0.0.1:1361         WIN-PVPPRDV3V6M:1362   ESTABLISHED
  TCP    127.0.0.1:1362         WIN-PVPPRDV3V6M:1361   ESTABLISHED
  TCP    127.0.0.1:32385        WIN-PVPPRDV3V6M:32386  ESTABLISHED
  TCP    127.0.0.1:32386        WIN-PVPPRDV3V6M:32385  ESTABLISHED
  TCP    127.0.0.1:32602        WIN-PVPPRDV3V6M:32603  ESTABLISHED
  TCP    127.0.0.1:32603        WIN-PVPPRDV3V6M:32602  ESTABLISHED
  TCP    127.0.0.1:49673        WIN-PVPPRDV3V6M:49674  ESTABLISHED
  TCP    127.0.0.1:49674        WIN-PVPPRDV3V6M:49673  ESTABLISHED
  TCP    127.0.0.1:49675        WIN-PVPPRDV3V6M:62522  ESTABLISHED
  TCP    127.0.0.1:62522        WIN-PVPPRDV3V6M:49675  ESTABLISHED

P:\>
P:\>ping 10.71.1.4

Pinging 10.71.1.4 with 32 bytes of data:
Reply from 10.71.1.4: bytes=32 time=3ms TTL=252
Reply from 10.71.1.4: bytes=32 time=3ms TTL=252
Reply from 10.71.1.4: bytes=32 time=3ms TTL=252
Reply from 10.71.1.4: bytes=32 time=4ms TTL=252

Ping statistics for 10.71.1.4:
    Packets: Sent = 4, Received = 4, Lost = 0 (0% loss),
Approximate round trip times in milli-seconds:
    Minimum = 3ms, Maximum = 4ms, Average = 3ms

P:\>
P:\>
P:\>netstat -s -p tcp

TCP Statistics for IPv4

  Active Opens                        = 809
  Passive Opens                       = 77
  Failed Connection Attempts          = 148
  Reset Connections                   = 184
  Current Connections                 = 25
  Segments Received                   = 45208
  Segments Sent                       = 39069
  Segments Retransmitted              = 2553

Active Connections

  Proto  Local Address          Foreign Address        State
  TCP    10.61.1.10:445         WIN-OPJFFFFCMQ4:3520   ESTABLISHED
  TCP    10.61.1.10:1033        10.61.100.4:telnet     ESTABLISHED
  TCP    10.61.1.10:28825       ed:telnet              ESTABLISHED
  TCP    10.61.1.10:28879       sw:telnet              ESTABLISHED
  TCP    10.61.1.10:28899       WIN-N9LP77V65L1:microsoft-ds  ESTABLISHED
^C
P:\>
P:\>
P:\>
P:\>
P:\>
P:\>
P:\>
P:\>
P:\>
P:\>
P:\>
P:\>
P:\>
P:\>
P:\>
P:\>ping wwww.bulsu.edu.ph
Ping request could not find host wwww.bulsu.edu.ph. Please check the name and try again.

P:\>










config t 
no access-list 1
access-list 1 permit 10.61.1.10 0.0.0.0
access-list 1 permit 10.61.0.0 0.0.255.255
line vty 0 14
access-class 1 in


@@@@

@@@USAGE no# 2: always block the IP address of:
	
the "gagong bansa"
China, NK, Russia, -> nigeria

@@@how to block all the Ip address of each country

@@@lock

config t 
no access-list 2
access-list 2 deny 10.12.1.10 0.0.255.255
access-list 2 deny 10.22.1.10 0.0.255.255
access-list 2 deny 10.32.1.10 0.0.255.255
access-list 2 deny 10.42.1.10 0.0.255.255
access-list 2 deny 10.52.1.10 0.0.255.255
access-list 2 deny 10.62.1.10 0.0.255.255
access-list 2 Permit Any
Int Gi 0/0/1
ip access-group 2 in
- no ip access-group 2 in


@@@unlock

config t 
no access-list 2
access-list 2 deny 10.12.1.10 0.0.255.255
access-list 2 deny 10.22.1.10 0.0.255.255
access-list 2 deny 10.32.1.10 0.0.255.255
access-list 2 deny 10.42.1.10 0.0.255.255
access-list 2 deny 10.52.1.10 0.0.255.255
access-list 2 deny 10.62.1.10 0.0.255.255
access-list 2 Permit Any
Int Gi 0/0/1
ip access-group 2 in


@@@sira
config t 
no access-list 2
access-list 2 deny 10.12.1.10 0.0.255.255
access-list 2 deny 10.22.1.10 0.0.255.255
access-list 2 deny 10.32.1.10 0.0.255.255
access-list 2 deny 10.42.1.10 0.0.255.255
access-list 2 deny 10.52.1.10 0.0.255.255
access-list 2 deny 10.62.1.10 0.0.255.255
access-list 2 Permit Any
Int Gi 0/0/1
no ip access-group 2 in

###### Note: PROCESS OF FIREWALL IS TOP DOWN


@@@ New Group 3

@@lock
config t 
no access-list 3
access-list 3 deny 10.41.1.10 0.0.255.255
access-list 3 deny 10.51.1.10 0.0.255.255
access-list 3 deny 10.42.1.10 0.0.255.255
access-list 3 deny 10.52.1.10 0.0.255.255
access-list 3 deny 10.62.1.10 0.0.255.255
access-list 3 deny 10.71.1.10 0.0.255.255
access-list 3 Permit Any
Int Gi 0/0/1
ip access-group 3 in


@@unlock
Int Gi 0/0/1
No ip access-group 3 in



@@@@@
config t
line vty 0 14
no access-list 1 in
end



@@@ New Group 3

config t 
no access-list 4
access-list 4 deny 10.31.1.10 0.0.255.255
access-list 4 deny 10.32.1.10 0.0.255.255
access-list 4 deny 10.42.1.10 0.0.255.255
access-list 4 deny 10.52.1.10 0.0.255.255
access-list 4 deny 10.51.1.10 0.0.255.255
access-list 4 deny 10.41.1.10 0.0.255.255
access-list 4 Permit Any
Int Gi 0/0/1
ip access-group 4 in

### Note: If too many deny, use permit

@@@@Secure Friends
config t 
no access-list 5
access-list 5 Permit 10.62.1.10 0.0.255.255
access-list 5 Permit 10.71.1.10 0.0.255.255
access-list 5 deny Any
Int Gi 0/0/1
ip access-group 5 in

@@@@Secure Friends
config t 
Int Gi 0/0/1
no ip access-group 5 in

@@@ HOW TO CHECK

show ip int gi 0/0/1
show ip acccess-list


##### Exercise 5: How to block russia IP address

config t
no ip access-list standard BLOCKRUSSIA
Ip access-list standard BLOCKRUSSIA
deny 10.12.0.0 0.0.255.255
deny 10.22.0.0 0.0.255.255
deny 10.32.0.0 0.0.255.255
deny 10.42.0.0 0.0.255.255
deny 10.52.0.0 0.0.255.255
deny 10.62.0.0 0.0.255.255
permit Any
Int Gi 0/0/1
ip access-group BLOCKRUSSIA in
do show ip access-list BLOCKRUSSIA


@@unlock

Int Gi 0/0/1
no ip access-group BLOCKRUSSIA in


==================Task 5: FireWall Fundamentals===================


PaloAlto
Fortinet
Cisco
Check Point
PFF
Next Gen FW with AI




###Penetration TestinG

teams:
RedTEAM: PenetrationTesting/VAPT:
			kaliLinux -> OSCP 
			ceh: Certi hacker
BlueTEAM: CybeSEc Protection
		UTM: 
@ How to protect against 

config t
int fa 0/0
 ip add 10.61.100.9 255.255.255.0 Secondary
service finger
service tcp-small-servers
service udp-small-servers
ip dns server
ip http server
ip http secure-server
!Make Ping EASY
ip host pc 10.61.1.10
ip host cm 10.61.100.8
ip host cm2 10.61.100.9
ip host p1 10.61.100.101
ip host p2 10.61.100.102
ip host sw 10.61.1.4
ip host ed 10.61.61.1



=======  Task #6: Creating Cisco basic Firewall Policy

PROTOCOL:TCP-BLOCK,UDP-block the boys,ICMP,IP- 	HACKER:ANY 		VICTIM: CM,CM2 			PORT

telnet 10.61.100.8

Example 1: Crete a firewall to meet this condition:

cm will only allow http, and, ssh, cucm = 2 
cm2 will allow ping,dns to be open = 2 lines -->4lines

@@cucm

config t
no access-list 100
access-list 100 permit tcp any host cm eq 2000
access-list 100 permit tcp any host cm eq 22
access-list 100 permit icmp any host cm2 
access-list 100 permit tcp any host cm eq 53
access-list 100 permit udp any host cm eq 53
Int fa 0/0
ip access-group 100 in
do show ip access-list 100

@@@ unlock 
config t
Int fa 0/0
 No ip access-group 100 in


Ex2: As a security Consultant: create a Cisco Firewall policy with conditions"

cm will allow ping ssh, dns = 2 
cm will allow http,https = 6 lines 


config t
no access-list 101
access-list 100 permit tcp any host cm eq 2000
access-list 100 permit tcp any host cm eq 22
access-list 100 permit tcp any host cm eq 53

cm = ping
ssh = 22
dup = dif animal


@@@@ last EXAMPLE POLICY
config t
no access-list 102
access-list 102 permit tcp any host cm eq 80
access-list 102 permit tcp any host cm eq 443
access-list 102 permit tcp any host cm eq 2000
access-list 102 permit tcp any host cm2 eq 23
access-list 102 permit tcp any host cm2 eq 22
access-list 102 permit tcp any host cm2 eq 5060
Int fa 0/0
ip access-group 102 in
do show ip access-list 102

@@@
config t
Int fa 0/0
No ip access-group 102 in
no do show ip access-list 102


# Edit cisco:

config t 
no ip host p1 10.61.100.101
no ip host p2 10.61.100.102
ip host p1 10.61.100.101
ip host p2 10.61.100.102
ip host c1 10.61.50.6
ip host c2 10.61.50.8

@@@@@@@ Create a Firewall Policy to meet this Condition:

hacker pc,p1,p2,c1,c2
- pc can http,https cm
- p1 can ping cm
- p2 can sccp/cucm on cm
- c1 can ping cm 
- c2 can http cm
= 5 lines

@@@ SOLUTION:

config t
no access-list 103
access-list 103 permit tcp host pc host cm eq 80
access-list 103 permit tcp host pc host cm eq 443
access-list 103 permit icmp host p1 host cm
access-list 103 permit tcp host p2 host cm eq 2000
access-list 103 permit icmp host c1 host cm 
access-list 103 permit tcp host c2 host cm eq 80
Int fa 0/0
ip access-group 103 in
do show ip access-list 103

@@@ unlock
config t
Int fa 0/0
no ip access-group 103 in


@@@@@@ another EXAMPLE 
hacker pc,p1,p2,c1,c2
- pc can telnet,ssh cm
- p1 can sccp/cucm cm
- p2 can ping on cm
- c1 can http cm 
- c2 can ping cm
= 6 lines

@@@ SOLUTION:

config t
no access-list 105
access-list 105 permit tcp host pc host cm eq 23
access-list 105 permit tcp host pc host cm eq 22
access-list 105 permit tcp host p1 host cm eq 2000
access-list 105 permit icmp host p2 host cm 
access-list 105 permit tcp host c1 host cm eq 80
access-list 105 permit icmp host c2 host cm 
Int fa 0/0
ip access-group 105 in
do show ip access-list 105

@@@ unlock
config t
Int fa 0/0
no ip access-group 105 in

TASK #7: HOW TO MASTER THE 5 LABS IN THE EXAM:

ExamLabQuestions
1.dhcp 
2.acl
3. ssh
4. ntp
5. nat

@@@@lab1: dhcp server:
config  t
int gi 2
ip add 192.168.102.5 255.255.255.0
no shut
int gi 3
ip add 10.20.30.1 255.255.255.0
no shut


@@@ way to save
copy run start

#####@@@@@@@@@@@ ExamLabQuestion 1:


Create a dhcp tool named named BLDGDHCP with 10.20.30.0 /24
as pool, and domain name of ccnaexam.com,dns server
of 8.8.8.8 do not give 1st 50 IP.

###  SOLU:

config t
ip dhcp excluded-add 10.20.30.1 10.20.30.49
ip dhcp pool BLDGDHCP
network 10.20.30.0 255.255.255.0
default-router 10.20.30.1
domain-name ccnaexam.com
dns-server 8.8.8.8
option 150 ip 1.1.1.1

#####@@@@@@@@@@@ ExamLabQuestion 2:

###   SOLU:

config t
ip domain-name ccnaexam.com
username boss privilege 15 secret pass
crypto key generate rsa
	512 --> 1024 (is better)
ip ssh version 2


#####@@@@@@@@@@@ ExamLabQuestion 3:

NTP synchronizes time with all Cisco devices
step 1: Internet Connection

config t
int gi 1
ip add dhcp
no shut 

@@ to show google time
int gi 1
!do ping 8.8.8.8
ip domain-lookup
ip name-server 8.8.8.8
do ping time.google.com

ntp server time.google.com



#####@@@@@@@@@@@ ExamLabQuestion 4 Hardest LAB:
NAT = NETWORK ADRESS TRANSLATION

BLDG1: 10.20.30.50 192.168.108.69
BLDG2: 10.20.30.51 192.168.108.88

NAT Interface:

gi1 = outside/internetFacing
gi3 = inside/NatInside

config t
no access-list 8
access-list 8 permit 10.20.30.0 0.0.0.255
int gi 1
ip nat OUTSIDE
int gi 3 
ip nat INSIDE
!
ip nat inside source static 10.20.30.50 192.168.108.69
ip nat inside source static 10.20.30.51 192.168.108.88
ip nat inside source list 8 int gi 1 overload


